// Jest Snapshot v1, https://goo.gl/fbAQLP

exports[`Fold Editor renders without crashing 1`] = `ShallowWrapper {}`;
