// Jest Snapshot v1, https://goo.gl/fbAQLP

exports[`Timer generates a Likert scale without crashing 1`] = `ReactWrapper {}`;

exports[`Timer renders without crashing 1`] = `ReactWrapper {}`;
