// Jest Snapshot v1, https://goo.gl/fbAQLP

exports[`User Page renders without crashing 1`] = `ShallowWrapper {}`;
