// Jest Snapshot v1, https://goo.gl/fbAQLP

exports[`Model Selection Page renders without crashing 1`] = `ShallowWrapper {}`;
